Loading required package: bigmemory
[1] 1
Iteration:  1 . Objective= 31867067 
[1] 1
[1] 1
[1] 14.04302
[1] 1060.511
[1] 2
Iteration:  2 . Objective= 31883095 
[1] 2
[1] 1
[1] 14.35694
[1] 1038.035
[1] 3
Iteration:  3 . Objective= 31903492 
[1] 3
[1] 1.05
[1] 14.82164
[1] 1012.235
[1] 4
Iteration:  4 . Objective= 31927233 
[1] 4
[1] 1.1025
[1] 15.48909
[1] 1033.453
[1] 5
Iteration:  5 . Objective= 31952448 
[1] 5
[1] 1.157625
[1] 16.4803
[1] 1080.321
[1] 6
Iteration:  6 . Objective= 31977755 
[1] 6
[1] 1.215506
[1] 19.38263
[1] 1084.403
[1] 7
Iteration:  7 . Objective= 32002911 
[1] 7
[1] 1.276282
[1] 23.01168
[1] 1055.551
[1] 8
Iteration:  8 . Objective= 32027994 
[1] 8
[1] 1.340096
[1] 26.92989
[1] 1014.911
[1] 9
Iteration:  9 . Objective= 32053053 
[1] 9
[1] 1.4071
[1] 31.1485
[1] 981.1976
[1] 10
Iteration:  10 . Objective= 32077981 
[1] 10
[1] 1.477455
[1] 35.65764
[1] 963.5797
[1] 11
Iteration:  11 . Objective= 32102540 
[1] 11
[1] 1.551328
[1] 40.42381
[1] 961.4478
[1] 12
Iteration:  12 . Objective= 32126453 
[1] 12
[1] 1.628895
[1] 45.40266
[1] 968.2484
[1] 13
Iteration:  13 . Objective= 32149498 
[1] 13
[1] 1.710339
[1] 50.55246
[1] 976.3351
[1] 14
Iteration:  14 . Objective= 32171545 
[1] 14
[1] 1.795856
[1] 55.84107
[1] 980.5328
[1] 15
Iteration:  15 . Objective= 32192554 
[1] 15
[1] 1.885649
[1] 61.24668
[1] 979.3828
[1] 16
Iteration:  16 . Objective= 32212533 
[1] 16
[1] 1.979932
[1] 66.75497
[1] 974.3677
[1] 17
Iteration:  17 . Objective= 32231516 
[1] 17
[1] 2.078928
[1] 72.35535
[1] 968.1629
[1] 18
Iteration:  18 . Objective= 32249535 
[1] 18
[1] 2.182875
[1] 78.03801
[1] 962.9954
[1] 19
Iteration:  19 . Objective= 32266621 
[1] 19
[1] 2.292018
[1] 83.79242
[1] 959.7837
[1] 20
Iteration:  20 . Objective= 32282794 
[1] 20
[1] 2.406619
[1] 89.60725
[1] 958.2011
[1] 21
Iteration:  21 . Objective= 32298071 
[1] 21
[1] 2.52695
[1] 95.47104
[1] 957.3563
[1] 22
Iteration:  22 . Objective= 32312468 
[1] 22
[1] 2.653298
[1] 101.3718
[1] 957.4606
[1] 23
Iteration:  23 . Objective= 32326002 
[1] 23
[1] 2.785963
[1] 107.2947
[1] 961.7763
[1] 24
Iteration:  24 . Objective= 32338687 
[1] 24
[1] 2.925261
[1] 113.2252
[1] 966.7062
[1] 25
Iteration:  25 . Objective= 32350544 
[1] 25
[1] 3.071524
[1] 119.1503
[1] 970.5386
[1] 26
Iteration:  26 . Objective= 32361600 
[1] 26
[1] 3.2251
[1] 125.0594
[1] 972.1302
[1] 27
Iteration:  27 . Objective= 32371892 
[1] 27
[1] 3.386355
[1] 130.9436
[1] 971.4768
[1] 28
Iteration:  28 . Objective= 32381459 
[1] 28
[1] 3.555673
[1] 136.7954
[1] 969.698
[1] 29
Iteration:  29 . Objective= 32390341 
[1] 29
[1] 3.733456
[1] 142.6073
[1] 968.4342
[1] 30
Iteration:  30 . Objective= 32398578 
[1] 30
[1] 3.920129
[1] 148.3709
[1] 969.0051
[1] 31
Iteration:  31 . Objective= 32406203 
[1] 31
[1] 4.116136
[1] 154.0772
[1] 971.7769
[1] 32
Iteration:  32 . Objective= 32413249 
[1] 32
[1] 4.321942
[1] 159.7163
[1] 976.0214
[1] 33
Iteration:  33 . Objective= 32419745 
[1] 33
[1] 4.538039
[1] 165.2784
[1] 980.2843
[1] 34
Iteration:  34 . Objective= 32425724 
[1] 34
[1] 4.764941
[1] 170.7541
[1] 983.079
[1] 35
Iteration:  35 . Objective= 32431218 
[1] 35
[1] 5.003189
[1] 176.1352
[1] 983.616
[1] 36
Iteration:  36 . Objective= 32436263 
[1] 36
[1] 5.253348
[1] 181.4139
[1] 982.225
[1] 37
Iteration:  37 . Objective= 32440891 
[1] 37
[1] 5.516015
[1] 186.5832
[1] 980.2046
[1] 38
Iteration:  38 . Objective= 32445134 
[1] 38
[1] 5.791816
[1] 191.6362
[1] 979.1064
[1] 39
Iteration:  39 . Objective= 32449022 
[1] 39
[1] 6.081407
[1] 196.5668
[1] 979.8335
[1] 40
Iteration:  40 . Objective= 32452580 
[1] 40
[1] 6.385477
[1] 201.3692
[1] 982.121
[1] 41
Iteration:  41 . Objective= 32455834 
[1] 41
[1] 6.704751
[1] 206.0386
[1] 984.7557
[1] 42
Iteration:  42 . Objective= 32458805 
[1] 42
[1] 7.039989
[1] 210.5711
[1] 986.4081
[1] 43
Iteration:  43 . Objective= 32461514 
[1] 43
[1] 7.391988
[1] 214.9636
[1] 986.518
[1] 44
Iteration:  44 . Objective= 32463980 
[1] 44
[1] 7.761588
[1] 219.2138
[1] 985.627
[1] 45
Iteration:  45 . Objective= 32466223 
[1] 45
[1] 8.149667
[1] 223.3192
[1] 984.9142
[1] 46
Iteration:  46 . Objective= 32468260 
[1] 46
[1] 8.55715
[1] 227.2778
[1] 985.2592
[1] 47
Iteration:  47 . Objective= 32470107 
[1] 47
[1] 8.985008
[1] 231.088
[1] 986.5519
[1] 48
Iteration:  48 . Objective= 32471777 
[1] 48
[1] 9.434258
[1] 234.7487
[1] 987.8338
[1] 49
Iteration:  49 . Objective= 32473285 
[1] 49
[1] 9.905971
[1] 238.2593
[1] 988.1872
[1] 50
Iteration:  50 . Objective= 32474644 
[1] 50
[1] 10.40127
[1] 241.6199
[1] 987.5926
[1] 51
Iteration:  51 . Objective= 32475867 
[1] 51
[1] 10.92133
[1] 244.8316
[1] 986.9335
[1] 52
Iteration:  52 . Objective= 32476965 
[1] 52
[1] 11.4674
[1] 247.8956
[1] 987.1159
[1] 53
Iteration:  53 . Objective= 32477950 
[1] 53
[1] 12.04077
[1] 250.8138
[1] 988.1522
[1] 54
Iteration:  54 . Objective= 32478831 
[1] 54
[1] 12.64281
[1] 253.5885
[1] 989.1481
[1] 55
Iteration:  55 . Objective= 32479619 
[1] 55
[1] 13.27495
[1] 256.2222
[1] 989.2343
[1] 56
Iteration:  56 . Objective= 32480321 
[1] 56
[1] 13.9387
[1] 258.7176
[1] 988.4686
[1] 57
Iteration:  57 . Objective= 32480946 
[1] 57
[1] 14.63563
[1] 261.0774
[1] 987.7236
[1] 58
Iteration:  58 . Objective= 32481503 
[1] 58
[1] 15.36741
[1] 263.3041
[1] 987.7178
[1] 59
Iteration:  59 . Objective= 32481996 
[1] 59
[1] 16.13578
[1] 265.4001
[1] 988.3316
[1] 60
Iteration:  60 . Objective= 32482433 
[1] 60
[1] 16.94257
[1] 267.3673
[1] 988.9068
[1] 61
Iteration:  61 . Objective= 32482819 
[1] 61
[1] 17.7897
[1] 269.207
[1] 988.9746
[1] 62
Iteration:  62 . Objective= 32483158 
[1] 62
[1] 18.67919
[1] 270.9198
[1] 988.5653
[1] 63
Iteration:  63 . Objective= 32483455 
[1] 63
[1] 19.61315
[1] 272.5054
[1] 988.0505
[1] 64
Iteration:  64 . Objective= 32483716 
[1] 64
[1] 20.5938
[1] 273.9636
[1] 987.8723
[1] 65
Iteration:  65 . Objective= 32483943 
[1] 65
[1] 21.62349
[1] 275.2946
[1] 988.1351
[1] 66
Iteration:  66 . Objective= 32484140 
[1] 66
[1] 22.70467
[1] 276.4998
[1] 988.2946
[1] 67
Iteration:  67 . Objective= 32484311 
[1] 67
[1] 23.8399
[1] 277.5825
[1] 987.8363
[1] 68
Iteration:  68 . Objective= 32484460 
[1] 68
[1] 25.0319
[1] 278.5472
[1] 987.3463
[1] 69
Iteration:  69 . Objective= 32484590 
[1] 69
[1] 26.28349
[1] 279.3997
[1] 987.6428
[1] 70
Iteration:  70 . Objective= 32484703 
[1] 70
[1] 27.59766
[1] 280.1466
[1] 987.9363
[1] 71
Iteration:  71 . Objective= 32484802 
[1] 71
[1] 28.97755
[1] 280.7953
[1] 987.2093
[1] 72
Iteration:  72 . Objective= 32484891 
[1] 72
[1] 30.42643
[1] 281.3535
[1] 986.6735
[1] 73
Iteration:  73 . Objective= 32484970 
[1] 73
[1] 31.94775
[1] 281.829
[1] 987.3691
[1] 74
Iteration:  74 . Objective= 32485042 
[1] 74
[1] 33.54513
[1] 282.2286
[1] 987.7705
[1] 75
Iteration:  75 . Objective= 32485108 
[1] 75
[1] 35.22239
[1] 282.5574
[1] 987.2285
[1] 76
Iteration:  76 . Objective= 32485168 
[1] 76
[1] 36.98351
[1] 282.8186
[1] 986.9864
[1] 77
Iteration:  77 . Objective= 32485224 
[1] 77
[1] 38.83269
[1] 283.0133
[1] 987.5384
[1] 78
Iteration:  78 . Objective= 32485274 
[1] 78
[1] 40.77432
[1] 283.1425
[1] 987.7841
[1] 79
Iteration:  79 . Objective= 32485321 
[1] 79
[1] 42.81304
[1] 283.2086
[1] 986.6422
[1] 80
Iteration:  80 . Objective= 32485363 
[1] 80
[1] 44.95369
[1] 283.2161
[1] 988.0715
[1] 81
Iteration:  81 . Objective= 32485402 
[1] 81
[1] 47.20137
[1] 283.1694
[1] 987.4693
[1] 82
Iteration:  82 . Objective= 32485436 
[1] 82
[1] 49.56144
[1] 283.0714
[1] 986.8
[1] 83
Iteration:  83 . Objective= 32485467 
[1] 83
[1] 52.03951
[1] 282.9232
[1] 988.5528
[1] 84
Iteration:  84 . Objective= 32485494 
[1] 84
[1] 54.64149
[1] 282.7251
[1] 985.2548
[1] 85
Iteration:  85 . Objective= 32485520 
[1] 85
[1] 57.37356
[1] 282.4807
[1] 991.446
[1] 86
Iteration:  86 . Objective= 32485541 
[1] 86
[1] 60.24224
[1] 282.1969
[1] 976.5756
[1] 87
[1] 88
Iteration:  88 . Objective= 32485541 
[1] 88
[1] 31.62718
[1] 282.3905
[1] 976.5756
[1] 89
Iteration:  89 . Objective= 32485558 
[1] 89
[1] 33.20854
[1] 282.2209
[1] 1007.453
[1] 90
Iteration:  90 . Objective= 32485609 
[1] 90
[1] 34.86896
[1] 281.9852
[1] 978.5102
[1] 91
Iteration:  91 . Objective= 32485662 
[1] 91
[1] 36.61241
[1] 281.7001
[1] 980.2578
[1] 92
Iteration:  92 . Objective= 32485713 
[1] 92
[1] 38.44303
[1] 281.3804
[1] 1004.079
[1] 93
Iteration:  93 . Objective= 32485769 
[1] 93
[1] 40.36518
[1] 281.0383
[1] 970.6685
[1] 94
Iteration:  94 . Objective= 32485816 
[1] 94
[1] 42.38344
[1] 280.6835
[1] 1004.436
[1] 95
Iteration:  95 . Objective= 32485851 
[1] 95
[1] 44.50261
[1] 280.321
[1] 967.7658
[1] 96
Iteration:  96 . Objective= 32485861 
[1] 96
[1] 46.72774
[1] 279.9603
[1] 1021.927
[1] 97
[1] 98
Iteration:  98 . Objective= 32485861 
[1] 98
[1] 24.53207
[1] 280.2609
[1] 1021.927
[1] 99
[1] 100
Iteration:  100 . Objective= 32485861 
[1] 100
[1] 12.87933
[1] 280.2416
[1] 1021.927
For users of newer versions (1.0.1+): the `scores` matrix now contains factor scores, the `V` matrix is UNSCALED scores.
[1] 1
Iteration:  1 . Objective= 3315164 
[1] 1
[1] 1
[1] 27.12439
[1] 693.7047
[1] 2
Iteration:  2 . Objective= 3317364 
[1] 2
[1] 1
[1] 27.13253
[1] 754.5626
[1] 3
Iteration:  3 . Objective= 3319666 
[1] 3
[1] 1.05
[1] 27.13746
[1] 827.3951
[1] 4
Iteration:  4 . Objective= 3321936 
[1] 4
[1] 1.1025
[1] 27.13627
[1] 927.2319
[1] 5
Iteration:  5 . Objective= 3324092 
[1] 5
[1] 1.157625
[1] 27.13407
[1] 960.7375
[1] 6
Iteration:  6 . Objective= 3326185 
[1] 6
[1] 1.215506
[1] 27.13832
[1] 946.6915
[1] 7
Iteration:  7 . Objective= 3328265 
[1] 7
[1] 1.276282
[1] 27.15623
[1] 916.3228
[1] 8
Iteration:  8 . Objective= 3330355 
[1] 8
[1] 1.340096
[1] 27.1929
[1] 892.7403
[1] 9
Iteration:  9 . Objective= 3332449 
[1] 9
[1] 1.4071
[1] 27.25049
[1] 885.0922
[1] 10
Iteration:  10 . Objective= 3334519 
[1] 10
[1] 1.477455
[1] 27.32868
[1] 891.0818
[1] 11
Iteration:  11 . Objective= 3336534 
[1] 11
[1] 1.551328
[1] 27.42605
[1] 902.4396
[1] 12
Iteration:  12 . Objective= 3338473 
[1] 12
[1] 1.628895
[1] 27.54135
[1] 910.6159
[1] 13
Iteration:  13 . Objective= 3340330 
[1] 13
[1] 1.710339
[1] 27.67422
[1] 910.8585
[1] 14
Iteration:  14 . Objective= 3342110 
[1] 14
[1] 1.795856
[1] 27.82524
[1] 903.4103
[1] 15
Iteration:  15 . Objective= 3343819 
[1] 15
[1] 1.885649
[1] 27.99564
[1] 891.9793
[1] 16
Iteration:  16 . Objective= 3345464 
[1] 16
[1] 1.979932
[1] 28.18707
[1] 881.0262
[1] 17
Iteration:  17 . Objective= 3347048 
[1] 17
[1] 2.078928
[1] 28.40162
[1] 873.5851
[1] 18
Iteration:  18 . Objective= 3348572 
[1] 18
[1] 2.182875
[1] 28.64262
[1] 870.457
[1] 19
Iteration:  19 . Objective= 3350035 
[1] 19
[1] 2.292018
[1] 28.91713
[1] 870.6225
[1] 20
Iteration:  20 . Objective= 3351435 
[1] 20
[1] 2.406619
[1] 29.24675
[1] 872.2231
[1] 21
Iteration:  21 . Objective= 3352771 
[1] 21
[1] 2.52695
[1] 29.76771
[1] 873.4722
[1] 22
Iteration:  22 . Objective= 3354045 
[1] 22
[1] 2.653298
[1] 31.06595
[1] 873.1783
[1] 23
Iteration:  23 . Objective= 3355256 
[1] 23
[1] 2.785963
[1] 32.7698
[1] 870.8926
[1] 24
Iteration:  24 . Objective= 3356406 
[1] 24
[1] 2.925261
[1] 34.54226
[1] 866.8367
[1] 25
Iteration:  25 . Objective= 3357496 
[1] 25
[1] 3.071524
[1] 36.34091
[1] 861.7232
[1] 26
Iteration:  26 . Objective= 3358529 
[1] 26
[1] 3.2251
[1] 38.154
[1] 856.4964
[1] 27
Iteration:  27 . Objective= 3359507 
[1] 27
[1] 3.386355
[1] 39.97537
[1] 852.0106
[1] 28
Iteration:  28 . Objective= 3360431 
[1] 28
[1] 3.555673
[1] 41.80051
[1] 848.7354
[1] 29
Iteration:  29 . Objective= 3361303 
[1] 29
[1] 3.733456
[1] 43.62552
[1] 846.6197
[1] 30
Iteration:  30 . Objective= 3362125 
[1] 30
[1] 3.920129
[1] 45.44691
[1] 845.1863
[1] 31
Iteration:  31 . Objective= 3362898 
[1] 31
[1] 4.116136
[1] 47.26157
[1] 843.8032
[1] 32
Iteration:  32 . Objective= 3363624 
[1] 32
[1] 4.321942
[1] 49.06668
[1] 841.9815
[1] 33
Iteration:  33 . Objective= 3364304 
[1] 33
[1] 4.538039
[1] 50.85964
[1] 839.5579
[1] 34
Iteration:  34 . Objective= 3364940 
[1] 34
[1] 4.764941
[1] 52.6379
[1] 836.7052
[1] 35
Iteration:  35 . Objective= 3365535 
[1] 35
[1] 5.003189
[1] 54.3988
[1] 833.8042
[1] 36
Iteration:  36 . Objective= 3366090 
[1] 36
[1] 5.253348
[1] 56.13954
[1] 831.2461
[1] 37
Iteration:  37 . Objective= 3366607 
[1] 37
[1] 5.516015
[1] 57.85716
[1] 829.25
[1] 38
Iteration:  38 . Objective= 3367088 
[1] 38
[1] 5.791816
[1] 59.54863
[1] 827.7764
[1] 39
Iteration:  39 . Objective= 3367535 
[1] 39
[1] 6.081407
[1] 61.21103
[1] 826.5835
[1] 40
Iteration:  40 . Objective= 3367949 
[1] 40
[1] 6.385477
[1] 62.84171
[1] 825.3987
[1] 41
Iteration:  41 . Objective= 3368334 
[1] 41
[1] 6.704751
[1] 64.43836
[1] 824.0937
[1] 42
Iteration:  42 . Objective= 3368690 
[1] 42
[1] 7.039989
[1] 65.99914
[1] 822.7438
[1] 43
Iteration:  43 . Objective= 3369018 
[1] 43
[1] 7.391988
[1] 67.52256
[1] 821.5407
[1] 44
Iteration:  44 . Objective= 3369322 
[1] 44
[1] 7.761588
[1] 69.00747
[1] 820.6349
[1] 45
Iteration:  45 . Objective= 3369602 
[1] 45
[1] 8.149667
[1] 70.45286
[1] 820.0227
[1] 46
Iteration:  46 . Objective= 3369860 
[1] 46
[1] 8.55715
[1] 71.8577
[1] 819.5469
[1] 47
Iteration:  47 . Objective= 3370098 
[1] 47
[1] 8.985008
[1] 73.22079
[1] 819.0027
[1] 48
Iteration:  48 . Objective= 3370316 
[1] 48
[1] 9.434258
[1] 74.54065
[1] 818.2827
[1] 49
Iteration:  49 . Objective= 3370516 
[1] 49
[1] 9.905971
[1] 75.81559
[1] 817.4566
[1] 50
Iteration:  50 . Objective= 3370700 
[1] 50
[1] 10.40127
[1] 77.04397
[1] 816.7114
[1] 51
Iteration:  51 . Objective= 3370867 
[1] 51
[1] 10.92133
[1] 78.22446
[1] 816.1852
[1] 52
Iteration:  52 . Objective= 3371020 
[1] 52
[1] 11.4674
[1] 79.35634
[1] 815.8434
[1] 53
Iteration:  53 . Objective= 3371159 
[1] 53
[1] 12.04077
[1] 80.43965
[1] 815.5235
[1] 54
Iteration:  54 . Objective= 3371286 
[1] 54
[1] 12.64281
[1] 81.47506
[1] 815.1041
[1] 55
Iteration:  55 . Objective= 3371401 
[1] 55
[1] 13.27495
[1] 82.46356
[1] 814.6234
[1] 56
Iteration:  56 . Objective= 3371505 
[1] 56
[1] 13.9387
[1] 83.40607
[1] 814.2262
[1] 57
Iteration:  57 . Objective= 3371599 
[1] 57
[1] 14.63563
[1] 84.30322
[1] 813.9926
[1] 58
Iteration:  58 . Objective= 3371685 
[1] 58
[1] 15.36741
[1] 85.15532
[1] 813.8294
[1] 59
Iteration:  59 . Objective= 3371762 
[1] 59
[1] 16.13578
[1] 85.96251
[1] 813.5658
[1] 60
Iteration:  60 . Objective= 3371832 
[1] 60
[1] 16.94257
[1] 86.72478
[1] 813.1733
[1] 61
Iteration:  61 . Objective= 3371895 
[1] 61
[1] 17.7897
[1] 87.44201
[1] 812.8302
[1] 62
Iteration:  62 . Objective= 3371951 
[1] 62
[1] 18.67919
[1] 88.11402
[1] 812.6966
[1] 63
Iteration:  63 . Objective= 3372002 
[1] 63
[1] 19.61315
[1] 88.74098
[1] 812.6722
[1] 64
Iteration:  64 . Objective= 3372047 
[1] 64
[1] 20.5938
[1] 89.3239
[1] 812.4958
[1] 65
Iteration:  65 . Objective= 3372088 
[1] 65
[1] 21.62349
[1] 89.86479
[1] 812.113
[1] 66
Iteration:  66 . Objective= 3372125 
[1] 66
[1] 22.70467
[1] 90.36624
[1] 811.7955
[1] 67
Iteration:  67 . Objective= 3372157 
[1] 67
[1] 23.8399
[1] 90.83048
[1] 811.7592
[1] 68
Iteration:  68 . Objective= 3372187 
[1] 68
[1] 25.0319
[1] 91.25915
[1] 811.8158
[1] 69
Iteration:  69 . Objective= 3372213 
[1] 69
[1] 26.28349
[1] 91.65384
[1] 811.669
[1] 70
Iteration:  70 . Objective= 3372236 
[1] 70
[1] 27.59766
[1] 92.01711
[1] 811.4224
[1] 71
Iteration:  71 . Objective= 3372257 
[1] 71
[1] 28.97755
[1] 92.35259
[1] 811.3839
[1] 72
Iteration:  72 . Objective= 3372275 
[1] 72
[1] 30.42643
[1] 92.66377
[1] 811.4451
[1] 73
Iteration:  73 . Objective= 3372291 
[1] 73
[1] 31.94775
[1] 92.95269
[1] 811.2652
[1] 74
Iteration:  74 . Objective= 3372305 
[1] 74
[1] 33.54513
[1] 93.21982
[1] 811.0183
[1] 75
Iteration:  75 . Objective= 3372318 
[1] 75
[1] 35.22239
[1] 93.46528
[1] 811.0682
[1] 76
Iteration:  76 . Objective= 3372329 
[1] 76
[1] 36.98351
[1] 93.69011
[1] 811.1104
[1] 77
Iteration:  77 . Objective= 3372339 
[1] 77
[1] 38.83269
[1] 93.89599
[1] 810.8779
[1] 78
Iteration:  78 . Objective= 3372348 
[1] 78
[1] 40.77432
[1] 94.08414
[1] 810.9317
[1] 79
Iteration:  79 . Objective= 3372355 
[1] 79
[1] 42.81304
[1] 94.25571
[1] 811.2755
[1] 80
Iteration:  80 . Objective= 3372362 
[1] 80
[1] 44.95369
[1] 94.41268
[1] 811.0734
[1] 81
Iteration:  81 . Objective= 3372368 
[1] 81
[1] 47.20137
[1] 94.55648
[1] 810.7742
[1] 82
Iteration:  82 . Objective= 3372373 
[1] 82
[1] 49.56144
[1] 94.68721
[1] 811.2366
[1] 83
Iteration:  83 . Objective= 3372378 
[1] 83
[1] 52.03951
[1] 94.80621
[1] 811.5236
[1] 84
Iteration:  84 . Objective= 3372382 
[1] 84
[1] 54.64149
[1] 94.91733
[1] 811.0763
[1] 85
Iteration:  85 . Objective= 3372385 
[1] 85
[1] 57.37356
[1] 95.02278
[1] 811.3286
[1] 86
Iteration:  86 . Objective= 3372388 
[1] 86
[1] 60.24224
[1] 95.12237
[1] 811.6715
[1] 87
Iteration:  87 . Objective= 3372391 
[1] 87
[1] 63.25435
[1] 95.21955
[1] 811.0018
[1] 88
Iteration:  88 . Objective= 3372393 
[1] 88
[1] 66.41707
[1] 95.31346
[1] 811.998
[1] 89
Iteration:  89 . Objective= 3372395 
[1] 89
[1] 69.73792
[1] 95.40301
[1] 810.0634
[1] 90
Iteration:  90 . Objective= 3372396 
[1] 90
[1] 73.22482
[1] 95.47883
[1] 815.1611
[1] 91
[1] 92
Iteration:  92 . Objective= 3372396 
[1] 92
[1] 38.44303
[1] 95.34489
[1] 815.1611
[1] 93
[1] 94
Iteration:  94 . Objective= 3372396 
[1] 94
[1] 20.18259
[1] 95.32491
[1] 815.1611
[1] 95
Iteration:  95 . Objective= 3372397 
[1] 95
[1] 21.19172
[1] 95.17977
[1] 809.4612
[1] 96
[1] 97
Iteration:  97 . Objective= 3372397 
[1] 97
[1] 11.12565
[1] 95.24086
[1] 809.4612
[1] 98
[1] 99
Iteration:  99 . Objective= 3372397 
[1] 99
[1] 5.840968
[1] 95.23328
[1] 809.4612
[1] 100
For users of newer versions (1.0.1+): the `scores` matrix now contains factor scores, the `V` matrix is UNSCALED scores.
For users of newer versions (1.0.1+): the `scores` matrix now contains factor scores.
[1] "STARTING"
1.208403 0 
3.21427 0 
5.14457 0 
7.122892 0 
10.75693 0 
12.05242 0 
14.03751 0 
16.10954 0 
18.1774 0 
20.02628 0 
22.17877 0 
25.49149 0 
27.06318 0 
29.00267 0 
30.98701 0 
33.00612 0 
35.01926 0 
36.8804 0 
39.03756 0 
40.9665 0 
42.8136 0 
44.76685 0 
46.77934 0 
48.84352 0 
50.91313 0 
52.90389 0 
55.0182 0 
57.03411 0 
59.23463 0 
61.18815 0 
63.11408 0 
65.03743 0 
67.03705 0 
69.17497 0 
71.28093 0 
73.2845 0 
75.30073 0 
77.23015 0 
79.37678 0 
81.29251 0 
83.19196 0 
85.10444 0 
87.09994 0 
89.20147 0 
[1] "SGD"
[1] "integer"
[1] "STARTING"
Error in array(x, c(length(x), 1L), if (!is.null(names(x))) list(names(x),  : 
  'data' must be of a vector type, was 'NULL'
Calls: glmpca ... avagrad_stochastic_optimizer -> as.matrix -> as.matrix.default -> array
In addition: Warning message:
In gbm.sc(sim$Y, M = 10, order.by.deviance = FALSE) :
  Maximum number of iterations reached (increase max.iter).
              Possible non-convergence.
Execution halted
