-68.308591
-68.082045
-68.010115
-67.973596
-67.950648
-67.934141
-67.921338
-67.910966
-67.902309
-67.894915
-67.888489
-67.882817
-67.877736
-67.873145
-67.869025
-67.865321
-67.861952
-67.858862
-67.856011
-67.853362
-67.850869
-67.848445
-67.846082
-67.843976
-67.842052
-67.840226
-67.838434
-67.836674
-67.835080
-67.833627
-67.832260
-67.830965
-67.829732
-67.828557
-67.827434
-67.826360
-67.825331
-67.824344
-67.823397
-67.822487
-67.821611
-67.820768
-67.819955
-67.819171
-67.818414
-67.817682
-67.816973
-67.816287
-67.815622
-67.814977
-67.814350
-67.813740
-67.813146
-67.812567
-67.812001
-67.811448
-67.810906
-67.810375
-67.809852
-67.809337
-67.808830
-67.808328
-67.807833
-67.807344
-67.806861
-67.806384
-67.805913
-67.805450
-67.804994
-67.804547
-67.804107
-67.803677
-67.803254
-67.802840
-67.802435
-67.802038
-67.801649
-67.801269
-67.800897
-67.800533
-67.800177
-67.799829
-67.799488
-67.799154
-67.798828
-67.798508
-67.798196
-67.797890
-67.797590
-67.797297
-67.797009
-67.796728
-67.796451
-67.796181
-67.795915
-67.795654
-67.795397
-67.795145
-67.794897
-67.794653


